[10/06/26 14:07:25] info     ================= cer started =================
[10/06/26 14:07:25] info     C:\Program Files\Autodesk\AutoCAD LT 2027\cer.dll, 7.2.4+20251128.8f05bb68.927
[10/06/26 14:07:25] info     Setting key SP/SDK_VERSION, value 7.2.4+20251128.8f05bb68.927 (maxCount 1)
[10/06/26 14:07:25] info     Setting key SP/PRODUCT_NAME_HASH, value 5611c337ef75f6ee61eb003a07a62eeb9f0f564c (maxCount 1)
[10/06/26 14:07:25] info     Setting key SP/RUNTIME_ARCH, value 1 (maxCount 1)
[10/06/26 14:07:25] info     Set senddmp exe path to C:\Program Files\Autodesk\AutoCAD LT 2027\CER\senddmp.exe
[10/06/26 14:07:25] info     The cer_service exe C:\Program Files\Autodesk\AutoCAD LT 2027\CER\service\cer_service.exe is not in folder C:\Program Files\Autodesk\AutoCAD LT 2027\CER\, it's not a sandbox
[10/06/26 14:07:25] info     Set upi exe path to C:\Program Files\Autodesk\AutoCAD LT 2027\CER\upi.exe
[10/06/26 14:07:25] info     launching C:\Program Files\Autodesk\AutoCAD LT 2027\CER\upi.exe --cmd=get-device-id C:\Users\rrudo\AppData\Local\Temp\terratools-lisp-audit\Temp\upi_deviceid2
[10/06/26 14:07:25] info     Set deviceID2 to 894FA56605AEE922B78A2DFEF33CCF98D751A0C48D8AA87AFCF259DC9551318A&7A953838D609081E15F09CB63831A504F47AE77F4214E420797B918781F7D45F&0BB072D599099E3BAD369609642C793378B720D3774E297F315E9C9012EE0E7C
[10/06/26 14:07:25] info     Setting key SP/DEVICEID2, value 894FA56605AEE922B78A2DFEF33CCF98D751A0C48D8AA87AFCF259DC9551318A&7A953838D609081E15F09CB63831A504F47AE77F4214E420797B918781F7D45F&0BB072D599099E3BAD369609642C793378B720D3774E297F315E9C9012EE0E7C (maxCount 1)
[10/06/26 14:07:25] info     Setting key SP/UUID, value 5611c337ef75f6ee61eb003a07a62eeb9f0f564c894FA56605AEE922B78A2DFEF33CCF98D751A0C48D8AA87AFCF259DC9551318A&7A953838D609081E15F09CB63831A504F47AE77F4214E420797B918781F7D45F&0BB072D599099E3BAD369609642C793378B720D3774E297F315E9C9012EE0E7C (maxCount 1)
[10/06/26 14:07:25] info     Set senddmp exe path to C:\Program Files\Autodesk\AutoCAD LT 2027\CER\senddmp.exe
[10/06/26 14:07:25] info     The cer_service exe C:\Program Files\Autodesk\AutoCAD LT 2027\CER\service\cer_service.exe is not in folder C:\Program Files\Autodesk\AutoCAD LT 2027\CER\, it's not a sandbox
[10/06/26 14:07:25] info     launching C:\Program Files\Autodesk\AutoCAD LT 2027\CER\upi.exe "C:\Program Files\Autodesk\AutoCAD LT 2027\en-US\UPI\upiconfig.xml" C:\Users\rrudo\AppData\Local\Temp\terratools-lisp-audit\Temp\upi_info.xml
[10/06/26 14:07:25] info     Setting key SP/UPI_PRODUCT, value ACDLT (maxCount 1)
[10/06/26 14:07:25] info     Setting key SP/UPI_RELEASE, value 2027 (maxCount 1)
[10/06/26 14:07:25] info     Setting key SP/UPI_MASTER, value {28B89EEF-A109-0409-2102-CF3F3A09B77D} (maxCount 1)
[10/06/26 14:07:25] info     Setting key SP/UPI_BUILD, value 26.0.118.0.0 (maxCount 1)
[10/06/26 14:07:25] info     Setting key SP/UPI_FULL_XML, value <?xml version="1.0"?><upipackage><upivalue version="1.0" type="product" requestingapp="true"><level name="productline" id="ACDLT"><level name="release" id="2027"><level name="master" id="{28B89EEF-A109-0409-2102-CF3F3A09B77D}"><level name="build" id="26.0.118.0.0"/></level></level></level></upivalue>
</upipackage> (maxCount 1)
[10/06/26 14:07:25] info     set legacy options: /APPICON "C:\Program Files\Autodesk\AutoCAD LT 2027\AcBrandRes.dll" /APPICONID 1
[10/06/26 14:07:25] info     Setting key RP/AppIcon, value C:\Program Files\Autodesk\AutoCAD LT 2027\AcBrandRes.dll (maxCount 1)
[10/06/26 14:07:25] info     Setting key RP/AppIconId, value 1 (maxCount 1)
[10/06/26 14:07:25] info     Setting key RP/CadSettingsRegPath, value Software\Autodesk\AutoCAD LT\R33\ACADLT-A101:409\CadManagerControl\CustomerErrorReport (maxCount 1)
[10/06/26 14:07:25] info     Setting key RP/AppLocaleId, value 1033 (maxCount 1)
[10/06/26 14:07:25] info     Setting key RP/AppXML, value <ProductInformation name ="AutoCAD LT" build_version="X.118.0.0(x64)" registry_version="33" install_id_string="TerraToolsAudit" registry_localeID="1033" git_commit_id="2c19eb970fc25f5e380f0bd3736f8ba9103aade4" /> (maxCount 100)
[10/06/26 14:07:25] info     Setting key SP/THEME_TYPE, value Blue (maxCount 1)
[10/06/26 14:07:25] info     Setting key SP/EXCEPTION_INFO_POINTER, value 140737247085848 (maxCount 1)
[10/06/26 14:07:25] info     Setting key SP/THREAD_ID, value 4294967295 (maxCount 1)
[10/06/26 14:07:25] info     Get key SP/THREAD_ID, index 0: "4294967295"
[10/06/26 14:07:25] info     Setting key SP/WER, value 0 (maxCount 1)
[10/06/26 14:07:25] info     Get key SP/WER, index 0: "0"
[10/06/26 14:07:25] info     Registered C:\Program Files\Autodesk\AutoCAD LT 2027\cer.dll as WER runtime exception module
[10/06/26 14:07:25] info     Current ErrorMode is 32769
[10/06/26 14:07:25] debug    Receiver ping: pong
[10/06/26 14:07:29] info     Setting key RP/Headless, value 1 (maxCount 1)
[10/06/26 14:07:30] info     ================= cer stopped =================
[10/06/26 14:09:02] info     ================= cer started =================
[10/06/26 14:09:02] info     C:\Program Files\Autodesk\AutoCAD LT 2027\cer.dll, 7.2.4+20251128.8f05bb68.927
[10/06/26 14:09:02] info     Setting key SP/SDK_VERSION, value 7.2.4+20251128.8f05bb68.927 (maxCount 1)
[10/06/26 14:09:02] info     Setting key SP/PRODUCT_NAME_HASH, value 5611c337ef75f6ee61eb003a07a62eeb9f0f564c (maxCount 1)
[10/06/26 14:09:02] info     Setting key SP/RUNTIME_ARCH, value 1 (maxCount 1)
[10/06/26 14:09:02] info     Set senddmp exe path to C:\Program Files\Autodesk\AutoCAD LT 2027\CER\senddmp.exe
[10/06/26 14:09:02] info     The cer_service exe C:\Program Files\Autodesk\AutoCAD LT 2027\CER\service\cer_service.exe is not in folder C:\Program Files\Autodesk\AutoCAD LT 2027\CER\, it's not a sandbox
[10/06/26 14:09:02] info     Set upi exe path to C:\Program Files\Autodesk\AutoCAD LT 2027\CER\upi.exe
[10/06/26 14:09:02] info     launching C:\Program Files\Autodesk\AutoCAD LT 2027\CER\upi.exe --cmd=get-device-id C:\Users\rrudo\AppData\Local\Temp\terratools-lisp-audit\Temp\upi_deviceid2
[10/06/26 14:09:02] info     Set deviceID2 to 894FA56605AEE922B78A2DFEF33CCF98D751A0C48D8AA87AFCF259DC9551318A&7A953838D609081E15F09CB63831A504F47AE77F4214E420797B918781F7D45F&0BB072D599099E3BAD369609642C793378B720D3774E297F315E9C9012EE0E7C
[10/06/26 14:09:02] info     Setting key SP/DEVICEID2, value 894FA56605AEE922B78A2DFEF33CCF98D751A0C48D8AA87AFCF259DC9551318A&7A953838D609081E15F09CB63831A504F47AE77F4214E420797B918781F7D45F&0BB072D599099E3BAD369609642C793378B720D3774E297F315E9C9012EE0E7C (maxCount 1)
[10/06/26 14:09:02] info     Setting key SP/UUID, value 5611c337ef75f6ee61eb003a07a62eeb9f0f564c894FA56605AEE922B78A2DFEF33CCF98D751A0C48D8AA87AFCF259DC9551318A&7A953838D609081E15F09CB63831A504F47AE77F4214E420797B918781F7D45F&0BB072D599099E3BAD369609642C793378B720D3774E297F315E9C9012EE0E7C (maxCount 1)
[10/06/26 14:09:02] info     Set senddmp exe path to C:\Program Files\Autodesk\AutoCAD LT 2027\CER\senddmp.exe
[10/06/26 14:09:02] info     The cer_service exe C:\Program Files\Autodesk\AutoCAD LT 2027\CER\service\cer_service.exe is not in folder C:\Program Files\Autodesk\AutoCAD LT 2027\CER\, it's not a sandbox
[10/06/26 14:09:02] info     launching C:\Program Files\Autodesk\AutoCAD LT 2027\CER\upi.exe "C:\Program Files\Autodesk\AutoCAD LT 2027\en-US\UPI\upiconfig.xml" C:\Users\rrudo\AppData\Local\Temp\terratools-lisp-audit\Temp\upi_info.xml
[10/06/26 14:09:02] info     Setting key SP/UPI_PRODUCT, value ACDLT (maxCount 1)
[10/06/26 14:09:02] info     Setting key SP/UPI_RELEASE, value 2027 (maxCount 1)
[10/06/26 14:09:02] info     Setting key SP/UPI_MASTER, value {28B89EEF-A109-0409-2102-CF3F3A09B77D} (maxCount 1)
[10/06/26 14:09:02] info     Setting key SP/UPI_BUILD, value 26.0.118.0.0 (maxCount 1)
[10/06/26 14:09:02] info     Setting key SP/UPI_FULL_XML, value <?xml version="1.0"?><upipackage><upivalue version="1.0" type="product" requestingapp="true"><level name="productline" id="ACDLT"><level name="release" id="2027"><level name="master" id="{28B89EEF-A109-0409-2102-CF3F3A09B77D}"><level name="build" id="26.0.118.0.0"/></level></level></level></upivalue>
</upipackage> (maxCount 1)
[10/06/26 14:09:02] info     set legacy options: /APPICON "C:\Program Files\Autodesk\AutoCAD LT 2027\AcBrandRes.dll" /APPICONID 1
[10/06/26 14:09:02] info     Setting key RP/AppIcon, value C:\Program Files\Autodesk\AutoCAD LT 2027\AcBrandRes.dll (maxCount 1)
[10/06/26 14:09:02] info     Setting key RP/AppIconId, value 1 (maxCount 1)
[10/06/26 14:09:02] info     Setting key RP/CadSettingsRegPath, value Software\Autodesk\AutoCAD LT\R33\ACADLT-A101:409\CadManagerControl\CustomerErrorReport (maxCount 1)
[10/06/26 14:09:02] info     Setting key RP/AppLocaleId, value 1033 (maxCount 1)
[10/06/26 14:09:02] info     Setting key RP/AppXML, value <ProductInformation name ="AutoCAD LT" build_version="X.118.0.0(x64)" registry_version="33" install_id_string="TerraToolsAudit2" registry_localeID="1033" git_commit_id="2c19eb970fc25f5e380f0bd3736f8ba9103aade4" /> (maxCount 100)
[10/06/26 14:09:02] info     Setting key SP/THEME_TYPE, value Blue (maxCount 1)
[10/06/26 14:09:02] info     Setting key SP/EXCEPTION_INFO_POINTER, value 140737247085848 (maxCount 1)
[10/06/26 14:09:02] info     Setting key SP/THREAD_ID, value 4294967295 (maxCount 1)
[10/06/26 14:09:02] info     Get key SP/THREAD_ID, index 0: "4294967295"
[10/06/26 14:09:02] info     Setting key SP/WER, value 0 (maxCount 1)
[10/06/26 14:09:02] info     Get key SP/WER, index 0: "0"
[10/06/26 14:09:02] info     Registered C:\Program Files\Autodesk\AutoCAD LT 2027\cer.dll as WER runtime exception module
[10/06/26 14:09:02] info     Current ErrorMode is 32769
[10/06/26 14:09:02] debug    Receiver ping: pong
[10/06/26 14:09:04] info     Setting key RP/Headless, value 1 (maxCount 1)
[10/06/26 14:09:05] info     ================= cer stopped =================
[10/06/26 14:09:22] info     ================= cer started =================
[10/06/26 14:09:22] info     C:\Program Files\Autodesk\AutoCAD LT 2027\cer.dll, 7.2.4+20251128.8f05bb68.927
[10/06/26 14:09:22] info     Setting key SP/SDK_VERSION, value 7.2.4+20251128.8f05bb68.927 (maxCount 1)
[10/06/26 14:09:22] info     Setting key SP/PRODUCT_NAME_HASH, value 5611c337ef75f6ee61eb003a07a62eeb9f0f564c (maxCount 1)
[10/06/26 14:09:22] info     Setting key SP/RUNTIME_ARCH, value 1 (maxCount 1)
[10/06/26 14:09:22] info     Set senddmp exe path to C:\Program Files\Autodesk\AutoCAD LT 2027\CER\senddmp.exe
[10/06/26 14:09:22] info     The cer_service exe C:\Program Files\Autodesk\AutoCAD LT 2027\CER\service\cer_service.exe is not in folder C:\Program Files\Autodesk\AutoCAD LT 2027\CER\, it's not a sandbox
[10/06/26 14:09:22] info     Set upi exe path to C:\Program Files\Autodesk\AutoCAD LT 2027\CER\upi.exe
[10/06/26 14:09:22] info     launching C:\Program Files\Autodesk\AutoCAD LT 2027\CER\upi.exe --cmd=get-device-id C:\Users\rrudo\AppData\Local\Temp\terratools-lisp-audit\Temp\upi_deviceid2
[10/06/26 14:09:22] info     Set deviceID2 to 894FA56605AEE922B78A2DFEF33CCF98D751A0C48D8AA87AFCF259DC9551318A&7A953838D609081E15F09CB63831A504F47AE77F4214E420797B918781F7D45F&0BB072D599099E3BAD369609642C793378B720D3774E297F315E9C9012EE0E7C
[10/06/26 14:09:22] info     Setting key SP/DEVICEID2, value 894FA56605AEE922B78A2DFEF33CCF98D751A0C48D8AA87AFCF259DC9551318A&7A953838D609081E15F09CB63831A504F47AE77F4214E420797B918781F7D45F&0BB072D599099E3BAD369609642C793378B720D3774E297F315E9C9012EE0E7C (maxCount 1)
[10/06/26 14:09:22] info     Setting key SP/UUID, value 5611c337ef75f6ee61eb003a07a62eeb9f0f564c894FA56605AEE922B78A2DFEF33CCF98D751A0C48D8AA87AFCF259DC9551318A&7A953838D609081E15F09CB63831A504F47AE77F4214E420797B918781F7D45F&0BB072D599099E3BAD369609642C793378B720D3774E297F315E9C9012EE0E7C (maxCount 1)
[10/06/26 14:09:22] info     Set senddmp exe path to C:\Program Files\Autodesk\AutoCAD LT 2027\CER\senddmp.exe
[10/06/26 14:09:22] info     The cer_service exe C:\Program Files\Autodesk\AutoCAD LT 2027\CER\service\cer_service.exe is not in folder C:\Program Files\Autodesk\AutoCAD LT 2027\CER\, it's not a sandbox
[10/06/26 14:09:22] info     launching C:\Program Files\Autodesk\AutoCAD LT 2027\CER\upi.exe "C:\Program Files\Autodesk\AutoCAD LT 2027\en-US\UPI\upiconfig.xml" C:\Users\rrudo\AppData\Local\Temp\terratools-lisp-audit\Temp\upi_info.xml
[10/06/26 14:09:22] info     Setting key SP/UPI_PRODUCT, value ACDLT (maxCount 1)
[10/06/26 14:09:22] info     Setting key SP/UPI_RELEASE, value 2027 (maxCount 1)
[10/06/26 14:09:22] info     Setting key SP/UPI_MASTER, value {28B89EEF-A109-0409-2102-CF3F3A09B77D} (maxCount 1)
[10/06/26 14:09:22] info     Setting key SP/UPI_BUILD, value 26.0.118.0.0 (maxCount 1)
[10/06/26 14:09:22] info     Setting key SP/UPI_FULL_XML, value <?xml version="1.0"?><upipackage><upivalue version="1.0" type="product" requestingapp="true"><level name="productline" id="ACDLT"><level name="release" id="2027"><level name="master" id="{28B89EEF-A109-0409-2102-CF3F3A09B77D}"><level name="build" id="26.0.118.0.0"/></level></level></level></upivalue>
</upipackage> (maxCount 1)
[10/06/26 14:09:22] info     set legacy options: /APPICON "C:\Program Files\Autodesk\AutoCAD LT 2027\AcBrandRes.dll" /APPICONID 1
[10/06/26 14:09:22] info     Setting key RP/AppIcon, value C:\Program Files\Autodesk\AutoCAD LT 2027\AcBrandRes.dll (maxCount 1)
[10/06/26 14:09:22] info     Setting key RP/AppIconId, value 1 (maxCount 1)
[10/06/26 14:09:22] info     Setting key RP/CadSettingsRegPath, value Software\Autodesk\AutoCAD LT\R33\ACADLT-A101:409\CadManagerControl\CustomerErrorReport (maxCount 1)
[10/06/26 14:09:22] info     Setting key RP/AppLocaleId, value 1033 (maxCount 1)
[10/06/26 14:09:22] info     Setting key RP/AppXML, value <ProductInformation name ="AutoCAD LT" build_version="X.118.0.0(x64)" registry_version="33" install_id_string="TerraToolsAudit3" registry_localeID="1033" git_commit_id="2c19eb970fc25f5e380f0bd3736f8ba9103aade4" /> (maxCount 100)
[10/06/26 14:09:22] info     Setting key SP/THEME_TYPE, value Blue (maxCount 1)
[10/06/26 14:09:22] info     Setting key SP/EXCEPTION_INFO_POINTER, value 140737247085848 (maxCount 1)
[10/06/26 14:09:22] info     Setting key SP/THREAD_ID, value 4294967295 (maxCount 1)
[10/06/26 14:09:22] info     Get key SP/THREAD_ID, index 0: "4294967295"
[10/06/26 14:09:22] info     Setting key SP/WER, value 0 (maxCount 1)
[10/06/26 14:09:22] info     Get key SP/WER, index 0: "0"
[10/06/26 14:09:22] info     Registered C:\Program Files\Autodesk\AutoCAD LT 2027\cer.dll as WER runtime exception module
[10/06/26 14:09:22] info     Current ErrorMode is 32769
[10/06/26 14:09:22] debug    Receiver ping: pong
[10/06/26 14:09:25] info     Setting key RP/Headless, value 1 (maxCount 1)
[10/06/26 14:09:25] info     ================= cer stopped =================
[10/06/26 14:09:59] info     ================= cer started =================
[10/06/26 14:09:59] info     C:\Program Files\Autodesk\AutoCAD LT 2027\cer.dll, 7.2.4+20251128.8f05bb68.927
[10/06/26 14:09:59] info     Setting key SP/SDK_VERSION, value 7.2.4+20251128.8f05bb68.927 (maxCount 1)
[10/06/26 14:09:59] info     Setting key SP/PRODUCT_NAME_HASH, value 5611c337ef75f6ee61eb003a07a62eeb9f0f564c (maxCount 1)
[10/06/26 14:09:59] info     Setting key SP/RUNTIME_ARCH, value 1 (maxCount 1)
[10/06/26 14:09:59] info     Set senddmp exe path to C:\Program Files\Autodesk\AutoCAD LT 2027\CER\senddmp.exe
[10/06/26 14:09:59] info     The cer_service exe C:\Program Files\Autodesk\AutoCAD LT 2027\CER\service\cer_service.exe is not in folder C:\Program Files\Autodesk\AutoCAD LT 2027\CER\, it's not a sandbox
[10/06/26 14:09:59] info     Set upi exe path to C:\Program Files\Autodesk\AutoCAD LT 2027\CER\upi.exe
[10/06/26 14:09:59] info     launching C:\Program Files\Autodesk\AutoCAD LT 2027\CER\upi.exe --cmd=get-device-id C:\Users\rrudo\AppData\Local\Temp\terratools-lisp-audit\Temp\upi_deviceid2
[10/06/26 14:09:59] info     Set deviceID2 to 894FA56605AEE922B78A2DFEF33CCF98D751A0C48D8AA87AFCF259DC9551318A&7A953838D609081E15F09CB63831A504F47AE77F4214E420797B918781F7D45F&0BB072D599099E3BAD369609642C793378B720D3774E297F315E9C9012EE0E7C
[10/06/26 14:09:59] info     Setting key SP/DEVICEID2, value 894FA56605AEE922B78A2DFEF33CCF98D751A0C48D8AA87AFCF259DC9551318A&7A953838D609081E15F09CB63831A504F47AE77F4214E420797B918781F7D45F&0BB072D599099E3BAD369609642C793378B720D3774E297F315E9C9012EE0E7C (maxCount 1)
[10/06/26 14:09:59] info     Setting key SP/UUID, value 5611c337ef75f6ee61eb003a07a62eeb9f0f564c894FA56605AEE922B78A2DFEF33CCF98D751A0C48D8AA87AFCF259DC9551318A&7A953838D609081E15F09CB63831A504F47AE77F4214E420797B918781F7D45F&0BB072D599099E3BAD369609642C793378B720D3774E297F315E9C9012EE0E7C (maxCount 1)
[10/06/26 14:09:59] info     Set senddmp exe path to C:\Program Files\Autodesk\AutoCAD LT 2027\CER\senddmp.exe
[10/06/26 14:09:59] info     The cer_service exe C:\Program Files\Autodesk\AutoCAD LT 2027\CER\service\cer_service.exe is not in folder C:\Program Files\Autodesk\AutoCAD LT 2027\CER\, it's not a sandbox
[10/06/26 14:09:59] info     launching C:\Program Files\Autodesk\AutoCAD LT 2027\CER\upi.exe "C:\Program Files\Autodesk\AutoCAD LT 2027\en-US\UPI\upiconfig.xml" C:\Users\rrudo\AppData\Local\Temp\terratools-lisp-audit\Temp\upi_info.xml
[10/06/26 14:10:00] info     Setting key SP/UPI_PRODUCT, value ACDLT (maxCount 1)
[10/06/26 14:10:00] info     Setting key SP/UPI_RELEASE, value 2027 (maxCount 1)
[10/06/26 14:10:00] info     Setting key SP/UPI_MASTER, value {28B89EEF-A109-0409-2102-CF3F3A09B77D} (maxCount 1)
[10/06/26 14:10:00] info     Setting key SP/UPI_BUILD, value 26.0.118.0.0 (maxCount 1)
[10/06/26 14:10:00] info     Setting key SP/UPI_FULL_XML, value <?xml version="1.0"?><upipackage><upivalue version="1.0" type="product" requestingapp="true"><level name="productline" id="ACDLT"><level name="release" id="2027"><level name="master" id="{28B89EEF-A109-0409-2102-CF3F3A09B77D}"><level name="build" id="26.0.118.0.0"/></level></level></level></upivalue>
</upipackage> (maxCount 1)
[10/06/26 14:10:00] info     set legacy options: /APPICON "C:\Program Files\Autodesk\AutoCAD LT 2027\AcBrandRes.dll" /APPICONID 1
[10/06/26 14:10:00] info     Setting key RP/AppIcon, value C:\Program Files\Autodesk\AutoCAD LT 2027\AcBrandRes.dll (maxCount 1)
[10/06/26 14:10:00] info     Setting key RP/AppIconId, value 1 (maxCount 1)
[10/06/26 14:10:00] info     Setting key RP/CadSettingsRegPath, value Software\Autodesk\AutoCAD LT\R33\ACADLT-A101:409\CadManagerControl\CustomerErrorReport (maxCount 1)
[10/06/26 14:10:00] info     Setting key RP/AppLocaleId, value 1033 (maxCount 1)
[10/06/26 14:10:00] info     Setting key RP/AppXML, value <ProductInformation name ="AutoCAD LT" build_version="X.118.0.0(x64)" registry_version="33" install_id_string="TerraToolsAudit4" registry_localeID="1033" git_commit_id="2c19eb970fc25f5e380f0bd3736f8ba9103aade4" /> (maxCount 100)
[10/06/26 14:10:00] info     Setting key SP/THEME_TYPE, value Blue (maxCount 1)
[10/06/26 14:10:00] info     Setting key SP/EXCEPTION_INFO_POINTER, value 140737247085848 (maxCount 1)
[10/06/26 14:10:00] info     Setting key SP/THREAD_ID, value 4294967295 (maxCount 1)
[10/06/26 14:10:00] info     Get key SP/THREAD_ID, index 0: "4294967295"
[10/06/26 14:10:00] info     Setting key SP/WER, value 0 (maxCount 1)
[10/06/26 14:10:00] info     Get key SP/WER, index 0: "0"
[10/06/26 14:10:00] info     Registered C:\Program Files\Autodesk\AutoCAD LT 2027\cer.dll as WER runtime exception module
[10/06/26 14:10:00] info     Current ErrorMode is 32769
[10/06/26 14:10:00] debug    Receiver ping: pong
[10/06/26 14:10:02] info     Setting key RP/Headless, value 1 (maxCount 1)
[10/06/26 14:10:03] info     ================= cer stopped =================
[10/06/26 14:11:53] info     ================= cer started =================
[10/06/26 14:11:53] info     C:\Program Files\Autodesk\AutoCAD LT 2027\cer.dll, 7.2.4+20251128.8f05bb68.927
[10/06/26 14:11:53] info     Setting key SP/SDK_VERSION, value 7.2.4+20251128.8f05bb68.927 (maxCount 1)
[10/06/26 14:11:53] info     Setting key SP/PRODUCT_NAME_HASH, value 5611c337ef75f6ee61eb003a07a62eeb9f0f564c (maxCount 1)
[10/06/26 14:11:53] info     Setting key SP/RUNTIME_ARCH, value 1 (maxCount 1)
[10/06/26 14:11:53] info     Set senddmp exe path to C:\Program Files\Autodesk\AutoCAD LT 2027\CER\senddmp.exe
[10/06/26 14:11:53] info     The cer_service exe C:\Program Files\Autodesk\AutoCAD LT 2027\CER\service\cer_service.exe is not in folder C:\Program Files\Autodesk\AutoCAD LT 2027\CER\, it's not a sandbox
[10/06/26 14:11:53] info     Set upi exe path to C:\Program Files\Autodesk\AutoCAD LT 2027\CER\upi.exe
[10/06/26 14:11:53] info     launching C:\Program Files\Autodesk\AutoCAD LT 2027\CER\upi.exe --cmd=get-device-id C:\Users\rrudo\AppData\Local\Temp\terratools-lisp-audit\Temp\upi_deviceid2
[10/06/26 14:11:54] info     Set deviceID2 to 894FA56605AEE922B78A2DFEF33CCF98D751A0C48D8AA87AFCF259DC9551318A&7A953838D609081E15F09CB63831A504F47AE77F4214E420797B918781F7D45F&0BB072D599099E3BAD369609642C793378B720D3774E297F315E9C9012EE0E7C
[10/06/26 14:11:54] info     Setting key SP/DEVICEID2, value 894FA56605AEE922B78A2DFEF33CCF98D751A0C48D8AA87AFCF259DC9551318A&7A953838D609081E15F09CB63831A504F47AE77F4214E420797B918781F7D45F&0BB072D599099E3BAD369609642C793378B720D3774E297F315E9C9012EE0E7C (maxCount 1)
[10/06/26 14:11:54] info     Setting key SP/UUID, value 5611c337ef75f6ee61eb003a07a62eeb9f0f564c894FA56605AEE922B78A2DFEF33CCF98D751A0C48D8AA87AFCF259DC9551318A&7A953838D609081E15F09CB63831A504F47AE77F4214E420797B918781F7D45F&0BB072D599099E3BAD369609642C793378B720D3774E297F315E9C9012EE0E7C (maxCount 1)
[10/06/26 14:11:54] info     Set senddmp exe path to C:\Program Files\Autodesk\AutoCAD LT 2027\CER\senddmp.exe
[10/06/26 14:11:54] info     The cer_service exe C:\Program Files\Autodesk\AutoCAD LT 2027\CER\service\cer_service.exe is not in folder C:\Program Files\Autodesk\AutoCAD LT 2027\CER\, it's not a sandbox
[10/06/26 14:11:54] info     launching C:\Program Files\Autodesk\AutoCAD LT 2027\CER\upi.exe "C:\Program Files\Autodesk\AutoCAD LT 2027\en-US\UPI\upiconfig.xml" C:\Users\rrudo\AppData\Local\Temp\terratools-lisp-audit\Temp\upi_info.xml
[10/06/26 14:11:54] info     Setting key SP/UPI_PRODUCT, value ACDLT (maxCount 1)
[10/06/26 14:11:54] info     Setting key SP/UPI_RELEASE, value 2027 (maxCount 1)
[10/06/26 14:11:54] info     Setting key SP/UPI_MASTER, value {28B89EEF-A109-0409-2102-CF3F3A09B77D} (maxCount 1)
[10/06/26 14:11:54] info     Setting key SP/UPI_BUILD, value 26.0.118.0.0 (maxCount 1)
[10/06/26 14:11:54] info     Setting key SP/UPI_FULL_XML, value <?xml version="1.0"?><upipackage><upivalue version="1.0" type="product" requestingapp="true"><level name="productline" id="ACDLT"><level name="release" id="2027"><level name="master" id="{28B89EEF-A109-0409-2102-CF3F3A09B77D}"><level name="build" id="26.0.118.0.0"/></level></level></level></upivalue>
</upipackage> (maxCount 1)
[10/06/26 14:11:54] info     set legacy options: /APPICON "C:\Program Files\Autodesk\AutoCAD LT 2027\AcBrandRes.dll" /APPICONID 1
[10/06/26 14:11:54] info     Setting key RP/AppIcon, value C:\Program Files\Autodesk\AutoCAD LT 2027\AcBrandRes.dll (maxCount 1)
[10/06/26 14:11:54] info     Setting key RP/AppIconId, value 1 (maxCount 1)
[10/06/26 14:11:54] info     Setting key RP/CadSettingsRegPath, value Software\Autodesk\AutoCAD LT\R33\ACADLT-A101:409\CadManagerControl\CustomerErrorReport (maxCount 1)
[10/06/26 14:11:54] info     Setting key RP/AppLocaleId, value 1033 (maxCount 1)
[10/06/26 14:11:54] info     Setting key RP/AppXML, value <ProductInformation name ="AutoCAD LT" build_version="X.118.0.0(x64)" registry_version="33" install_id_string="TerraToolsAudit5" registry_localeID="1033" git_commit_id="2c19eb970fc25f5e380f0bd3736f8ba9103aade4" /> (maxCount 100)
[10/06/26 14:11:54] info     Setting key SP/THEME_TYPE, value Blue (maxCount 1)
[10/06/26 14:11:54] info     Setting key SP/EXCEPTION_INFO_POINTER, value 140737247085848 (maxCount 1)
[10/06/26 14:11:54] info     Setting key SP/THREAD_ID, value 4294967295 (maxCount 1)
[10/06/26 14:11:54] info     Get key SP/THREAD_ID, index 0: "4294967295"
[10/06/26 14:11:54] info     Setting key SP/WER, value 0 (maxCount 1)
[10/06/26 14:11:54] info     Get key SP/WER, index 0: "0"
[10/06/26 14:11:54] info     Registered C:\Program Files\Autodesk\AutoCAD LT 2027\cer.dll as WER runtime exception module
[10/06/26 14:11:54] info     Current ErrorMode is 32769
[10/06/26 14:11:54] debug    Receiver ping: pong
[10/06/26 14:11:57] info     Setting key RP/Headless, value 1 (maxCount 1)
[10/06/26 14:11:57] info     ================= cer stopped =================
